// Jest Snapshot v1, https://goo.gl/fbAQLP

exports[`<Round /> snapshot 1`] = `
<div>
  <h1
    className="status"
  >
    Playing ...
  </h1>
  Round 
  <span
    className="round"
  />
  Seed: null
  Term: null
  <div
    className="images"
  />
  <div>
    <textarea
      className="guess-box"
      disabled={false}
      name="guess"
      onChange={[Function]}
      value=""
    />
  </div>
</div>
`;
